INFO:    Converting OCI blobs to SIF format
INFO:    Starting build...
Copying blob sha256:0264850675f7464ed6385d030d281ffb0f2037323c73511a5372948c1c69d92c
Copying blob sha256:8f84a9f2102e97a4a6bf673b150fc9894df5acc9618ad3484c6c36f768c1caa0
Copying blob sha256:b95112eaf2836b9c7193858419f6d17933a873c4a2c9227dc497f5e090ea9c87
Copying blob sha256:030ef82509363afebdc78482e6f8c07f2bc8b65a45caf082c2a9a621c7deae63
Copying blob sha256:72ac9ccfda38d144ef8e3aadbd5851e7fa9aacd261f8e15d7365db0f816d3433
Copying blob sha256:73389fbd088f5ed5d9fd258baced59de092978b4f483920ea6d074522a105119
Copying blob sha256:de1d03310308c2871217cf179589d5e7fcd8eee31d8f331b61041347f50404a0
Copying blob sha256:c1d2af7fad0f1c6cdaf09c568c086019e834bc6523c30aa9b2b0b24c4b782086
Copying blob sha256:5601308b3ac642f7df8b1dc62b9582abdd34857eec6190bcb50162abc5719226
Copying blob sha256:6b2035e8b73ed2b018995a7b2c8d607d5527daf948d41964f02cc3ce7ed0699a
Copying blob sha256:ed71f8f81b33b96e7112757f6828a6dcb0861026aa63c5edc672d13e11045f6d
Copying blob sha256:dee27977c61a88e0c96530b24952e3cc522f0e869cd855920b5be7cc328fec20
Copying blob sha256:36b282865c6a94eb29d4459d94499fcada34c41848910acccb85bbb804dc1541
Copying blob sha256:a18a28c84f90b30febe85796790d0a26756a05e7c82b37c03fae219ddc6473d7
Copying blob sha256:f3f6e18150285edf96d401a0936cac0df7ad48bdf6fa2489d438f9d46eeeae65
Copying blob sha256:7371fb04cbd5996a56a22aee95360c494c12c1d3a01c177e3beed5cd25c61b25
Copying blob sha256:a62c67a7991a65e8ab2e27a6688c2436fd30944c09c32442b9c9e857f9a95d87
Copying blob sha256:edc84132aa9ee096a305f08d621701a3618cfa931631f3c4edc842086b6ba86f
Copying blob sha256:492aaf546a43c8ad23544f286d0e8844de5453293ae9490ff0e1dd5d8e1275d0
Copying blob sha256:422b8cb1546346a9a54935d4c8a3bc5cec8efae75da6970955bb9b0f70cea173
Copying blob sha256:20b045626669d0a15d99c406e1a233f573a568f2bd3ad91d1725a75841b03b67
Copying blob sha256:8560373878f54cb596afaac707495ef01cbda1afbfb610d44b2bdaaea6e95239
Copying blob sha256:f007d729f4ec361df45fd1a920e9ba36d51383906917d65e93b8de52bbc5ad1c
Copying blob sha256:220f3f1968ebbc7411b2e04cbfd0ee647fb063582e678f16de4f7a93ff2ecb69
Copying blob sha256:7ba297322f59e6f92c9f78ceff52650af6f7f425b89191e827e92c380165a76d
Copying blob sha256:a688b0cde5470df35f711a5d74a1ac8238853cf68f31c04e8833abf6cf26bf54
Copying blob sha256:4647c4903cc1570ec559b700dfc66060c292e4341bc0c1031792da3159de2628
Copying blob sha256:e10440dc188e76436816515c76b11a041221ae79ec728fe8c413840d8b4e3768
Copying blob sha256:f641668ae021722d040f5c4d4b17cdb6a45afd909dfdda3146c857704d52a264
Copying blob sha256:4f18eae8775e3c223a07ed264eff9934e90603d19fd42b32265fc23f588739c2
Copying blob sha256:4c3d87fb42962673d7da8724df8b676076987fd439f239e574cc5c10b65cf968
Copying blob sha256:78b596bcad084e478fb58f5960bb51af74e3da6944160f49fc3bcb480377a811
Copying blob sha256:6a16eaeb9de9240bd3d81dc87fd4d2d5060f5374bdc709206ecedb33da21af22
Copying blob sha256:639e18e69756863dab3ecb5dd74ca657ac0d26d80283b3ae41f1c274af8c4794
Copying blob sha256:552da377785f66e5fd341783c9300be1002d89e0c3fc442e21794f82def9d5ec
Copying blob sha256:b189fdc9318b23dc02963f24dc1f9d9ac4c72b78ebe93fed8b2540b1f28ef8e4
Copying blob sha256:042326c88dbb4e62026a8d1cb97592f98e2d092718f01fa842397119d841700f
Copying blob sha256:10a14f03f7cd0ca7ca6694cdc85564bfbd02d10ffe08b6095329b3f8d9904b39
Copying blob sha256:9c6b0c1c5a9fee1baee041d7e267e7e11794063d142f45b71042c1d2c5bfc047
Copying blob sha256:5405320c866978addc821b7661516c5a587bb6903f3245de5f9c65ce73984287
Copying blob sha256:8a7b8d472f7f67f4029a610a1b16cab2c514a7bf5de21fdf187d3ccaca1cc907
Copying blob sha256:5b68fd9a5b6bf28de2988617063769e1b5f69734b04fd9b2779e659d997a5823
Copying blob sha256:0901536493c67920cc4ffc86d663de255bc528c2e62fa6488aaa282314f1255b
Copying blob sha256:14642d0a1f2e261e297ff9c31cbe33b48a07fda7cc659ef5b3c6b90ffac61cef
Copying blob sha256:1b7b398acc843eaf3a258a4259d6adb6f81236e445d9b420179faf0623679dd3
Copying blob sha256:7519b9a5a84e435ddb2fe4533eca826d7b79a39c843597f5d4947a23c09d3879
Copying blob sha256:4f4fb700ef54461cfa02571ae0db9a0dc1e0cdb5577484a6d75e68dc38e8acc1
Copying blob sha256:80d3f27f07fcfd41d508269695c4605e52c6581087e4c35648c94b50b82433f4
Copying blob sha256:48a180aa1f8954dd515701a1f6bba07238cc637d7b4fffdb642dbb1fabe17c4d
Copying blob sha256:4f4fb700ef54461cfa02571ae0db9a0dc1e0cdb5577484a6d75e68dc38e8acc1
Copying blob sha256:91871ad715d5b640f2f3cada851b37ef96b7c5580a3911efe185f946cc75ae8f
Copying blob sha256:74f588a7b3a6757173dd46146c21ec32ddf2adc48016f0dfeda7ed0a20b6ada6
Copying blob sha256:9e96fa8ef613bf59f1452be3c4684121e29b930a5ca4b127d9cc4b0db67c7180
Copying blob sha256:0e354021e56bbf830222a04ebb628285290fff07ec1c76d8bf68cec721edefae
Copying blob sha256:4a188b9477a847feced99c1633e16b0c5473205c40277c28de8cdd39375f19f5
Copying blob sha256:8034afb86789e009cf7c637f4a1a7c8be7d822f24bd322289505f9f531fb7ccc
Copying blob sha256:00d1bd758936876912b45e6ce51fe5303097343ec83d10aa9c317c68c7af8f2f
Copying config sha256:c92fbe83517061135086e6f292252e6459d9d99cbe075f37117785d0c303ac01
Writing manifest to image destination
2025/11/30 16:23:01  info unpack layer: sha256:8f84a9f2102e97a4a6bf673b150fc9894df5acc9618ad3484c6c36f768c1caa0
2025/11/30 16:23:02  info unpack layer: sha256:b95112eaf2836b9c7193858419f6d17933a873c4a2c9227dc497f5e090ea9c87
2025/11/30 16:23:02  info unpack layer: sha256:030ef82509363afebdc78482e6f8c07f2bc8b65a45caf082c2a9a621c7deae63
2025/11/30 16:23:04  info unpack layer: sha256:72ac9ccfda38d144ef8e3aadbd5851e7fa9aacd261f8e15d7365db0f816d3433
2025/11/30 16:23:04  info unpack layer: sha256:73389fbd088f5ed5d9fd258baced59de092978b4f483920ea6d074522a105119
2025/11/30 16:23:04  info unpack layer: sha256:0264850675f7464ed6385d030d281ffb0f2037323c73511a5372948c1c69d92c
2025/11/30 16:23:33  info unpack layer: sha256:de1d03310308c2871217cf179589d5e7fcd8eee31d8f331b61041347f50404a0
2025/11/30 16:23:33  info unpack layer: sha256:c1d2af7fad0f1c6cdaf09c568c086019e834bc6523c30aa9b2b0b24c4b782086
2025/11/30 16:23:33  info unpack layer: sha256:5601308b3ac642f7df8b1dc62b9582abdd34857eec6190bcb50162abc5719226
2025/11/30 16:23:33  info unpack layer: sha256:6b2035e8b73ed2b018995a7b2c8d607d5527daf948d41964f02cc3ce7ed0699a
2025/11/30 16:24:22  info unpack layer: sha256:ed71f8f81b33b96e7112757f6828a6dcb0861026aa63c5edc672d13e11045f6d
2025/11/30 16:24:22  info unpack layer: sha256:dee27977c61a88e0c96530b24952e3cc522f0e869cd855920b5be7cc328fec20
2025/11/30 16:24:22  info unpack layer: sha256:36b282865c6a94eb29d4459d94499fcada34c41848910acccb85bbb804dc1541
2025/11/30 16:24:22  info unpack layer: sha256:a18a28c84f90b30febe85796790d0a26756a05e7c82b37c03fae219ddc6473d7
2025/11/30 16:24:25  warn rootless{usr/lib/x86_64-linux-gnu/gstreamer1.0/gstreamer-1.0/gst-ptp-helper} ignoring (usually) harmless EPERM on setxattr "security.capability"
2025/11/30 16:24:31  info unpack layer: sha256:f3f6e18150285edf96d401a0936cac0df7ad48bdf6fa2489d438f9d46eeeae65
2025/11/30 16:24:32  info unpack layer: sha256:7371fb04cbd5996a56a22aee95360c494c12c1d3a01c177e3beed5cd25c61b25
2025/11/30 16:24:32  info unpack layer: sha256:a62c67a7991a65e8ab2e27a6688c2436fd30944c09c32442b9c9e857f9a95d87
2025/11/30 16:24:32  info unpack layer: sha256:edc84132aa9ee096a305f08d621701a3618cfa931631f3c4edc842086b6ba86f
2025/11/30 16:26:00  info unpack layer: sha256:492aaf546a43c8ad23544f286d0e8844de5453293ae9490ff0e1dd5d8e1275d0
2025/11/30 16:26:31  info unpack layer: sha256:422b8cb1546346a9a54935d4c8a3bc5cec8efae75da6970955bb9b0f70cea173
2025/11/30 16:26:31  info unpack layer: sha256:20b045626669d0a15d99c406e1a233f573a568f2bd3ad91d1725a75841b03b67
2025/11/30 16:26:31  info unpack layer: sha256:8560373878f54cb596afaac707495ef01cbda1afbfb610d44b2bdaaea6e95239
2025/11/30 16:26:31  info unpack layer: sha256:f007d729f4ec361df45fd1a920e9ba36d51383906917d65e93b8de52bbc5ad1c
2025/11/30 16:26:31  info unpack layer: sha256:220f3f1968ebbc7411b2e04cbfd0ee647fb063582e678f16de4f7a93ff2ecb69
2025/11/30 16:26:31  info unpack layer: sha256:7ba297322f59e6f92c9f78ceff52650af6f7f425b89191e827e92c380165a76d
2025/11/30 16:26:32  info unpack layer: sha256:a688b0cde5470df35f711a5d74a1ac8238853cf68f31c04e8833abf6cf26bf54
2025/11/30 16:26:32  info unpack layer: sha256:4647c4903cc1570ec559b700dfc66060c292e4341bc0c1031792da3159de2628
2025/11/30 16:26:33  info unpack layer: sha256:e10440dc188e76436816515c76b11a041221ae79ec728fe8c413840d8b4e3768
2025/11/30 16:26:33  info unpack layer: sha256:f641668ae021722d040f5c4d4b17cdb6a45afd909dfdda3146c857704d52a264
2025/11/30 16:26:33  info unpack layer: sha256:4f18eae8775e3c223a07ed264eff9934e90603d19fd42b32265fc23f588739c2
2025/11/30 16:26:33  info unpack layer: sha256:4c3d87fb42962673d7da8724df8b676076987fd439f239e574cc5c10b65cf968
2025/11/30 16:26:42  info unpack layer: sha256:78b596bcad084e478fb58f5960bb51af74e3da6944160f49fc3bcb480377a811
2025/11/30 16:26:42  info unpack layer: sha256:6a16eaeb9de9240bd3d81dc87fd4d2d5060f5374bdc709206ecedb33da21af22
2025/11/30 16:26:47  info unpack layer: sha256:639e18e69756863dab3ecb5dd74ca657ac0d26d80283b3ae41f1c274af8c4794
2025/11/30 16:26:47  info unpack layer: sha256:552da377785f66e5fd341783c9300be1002d89e0c3fc442e21794f82def9d5ec
2025/11/30 16:26:55  info unpack layer: sha256:b189fdc9318b23dc02963f24dc1f9d9ac4c72b78ebe93fed8b2540b1f28ef8e4
2025/11/30 16:26:57  info unpack layer: sha256:042326c88dbb4e62026a8d1cb97592f98e2d092718f01fa842397119d841700f
2025/11/30 16:26:58  info unpack layer: sha256:10a14f03f7cd0ca7ca6694cdc85564bfbd02d10ffe08b6095329b3f8d9904b39
2025/11/30 16:27:08  info unpack layer: sha256:9c6b0c1c5a9fee1baee041d7e267e7e11794063d142f45b71042c1d2c5bfc047
2025/11/30 16:27:10  info unpack layer: sha256:5405320c866978addc821b7661516c5a587bb6903f3245de5f9c65ce73984287
2025/11/30 16:27:11  info unpack layer: sha256:8a7b8d472f7f67f4029a610a1b16cab2c514a7bf5de21fdf187d3ccaca1cc907
2025/11/30 16:27:12  info unpack layer: sha256:5b68fd9a5b6bf28de2988617063769e1b5f69734b04fd9b2779e659d997a5823
2025/11/30 16:27:12  info unpack layer: sha256:0901536493c67920cc4ffc86d663de255bc528c2e62fa6488aaa282314f1255b
2025/11/30 16:27:15  info unpack layer: sha256:14642d0a1f2e261e297ff9c31cbe33b48a07fda7cc659ef5b3c6b90ffac61cef
2025/11/30 16:27:24  info unpack layer: sha256:1b7b398acc843eaf3a258a4259d6adb6f81236e445d9b420179faf0623679dd3
2025/11/30 16:27:24  info unpack layer: sha256:7519b9a5a84e435ddb2fe4533eca826d7b79a39c843597f5d4947a23c09d3879
2025/11/30 16:27:24  info unpack layer: sha256:4f4fb700ef54461cfa02571ae0db9a0dc1e0cdb5577484a6d75e68dc38e8acc1
2025/11/30 16:27:24  info unpack layer: sha256:80d3f27f07fcfd41d508269695c4605e52c6581087e4c35648c94b50b82433f4
2025/11/30 16:27:33  info unpack layer: sha256:48a180aa1f8954dd515701a1f6bba07238cc637d7b4fffdb642dbb1fabe17c4d
2025/11/30 16:27:33  info unpack layer: sha256:4f4fb700ef54461cfa02571ae0db9a0dc1e0cdb5577484a6d75e68dc38e8acc1
2025/11/30 16:27:33  info unpack layer: sha256:91871ad715d5b640f2f3cada851b37ef96b7c5580a3911efe185f946cc75ae8f
2025/11/30 16:27:35  info unpack layer: sha256:74f588a7b3a6757173dd46146c21ec32ddf2adc48016f0dfeda7ed0a20b6ada6
2025/11/30 16:27:35  info unpack layer: sha256:9e96fa8ef613bf59f1452be3c4684121e29b930a5ca4b127d9cc4b0db67c7180
2025/11/30 16:27:36  info unpack layer: sha256:0e354021e56bbf830222a04ebb628285290fff07ec1c76d8bf68cec721edefae
2025/11/30 16:27:36  info unpack layer: sha256:4a188b9477a847feced99c1633e16b0c5473205c40277c28de8cdd39375f19f5
2025/11/30 16:27:36  info unpack layer: sha256:8034afb86789e009cf7c637f4a1a7c8be7d822f24bd322289505f9f531fb7ccc
2025/11/30 16:27:44  info unpack layer: sha256:00d1bd758936876912b45e6ce51fe5303097343ec83d10aa9c317c68c7af8f2f
INFO:    Creating SIF file...
VERBOSE: Set SIF container architecture to amd64
VERBOSE: Build complete: /scratch/zt1/project/cmsc848n/user/vla/apptainer_cache/cache/oci-tmp/tmp_2871604675
